Program (1)
  ExtDefList (1)
    ExtDef (1)
      Specifier (1)
        StructSpecifier (1)
          STRUCT
          ID: Node
          LC
          DefList (2)
            Def (2)
              Specifier (2)
                TYPE: int
              DecList (2)
                Dec (2)
                  VarDec (2)
                    ID: value
              SEMI
            DefList (3)
              Def (3)
                Specifier (3)
                  StructSpecifier (3)
                    STRUCT
                    ID: Node
                DecList (3)
                  Dec (3)
                    VarDec (3)
                      ID: next
                SEMI
          RC
      SEMI
    ExtDefList (6)
      ExtDef (6)
        Specifier (6)
          StructSpecifier (6)
            STRUCT
            ID: Node
        FunDec (6)
          ID: create_list
          LP
          RP
        CompSt (6)
          LC
          DefList (7)
            Def (7)
              Specifier (7)
                StructSpecifier (7)
                  STRUCT
                  ID: Node
              DecList (7)
                Dec (7)
                  VarDec (7)
                    ID: n
              SEMI
          StmtList (8)
            Stmt (8)
              RETURN
              Exp (8)
                ID: n
              SEMI
          RC
      ExtDefList (11)
        ExtDef (11)
          Specifier (11)
            TYPE: int
          FunDec (11)
            ID: append_list
            LP
            VarList (11)
              ParamDec (11)
                Specifier (11)
                  StructSpecifier (11)
                    STRUCT
                    ID: Node
                VarDec (11)
                  ID: head
              COMMA
              VarList (11)
                ParamDec (11)
                  Specifier (11)
                    TYPE: int
                  VarDec (11)
                    ID: value
            RP
          CompSt (11)
            LC
            DefList (12)
              Def (12)
                Specifier (12)
                  StructSpecifier (12)
                    STRUCT
                    ID: Node
                DecList (12)
                  Dec (12)
                    VarDec (12)
                      ID: n
                SEMI
            StmtList (13)
              Stmt (13)
                Exp (13)
                  Exp (13)
                    Exp (13)
                      ID: n
                    DOT
                    ID: value
                  ASSIGN
                  Exp (13)
                    ID: value
                SEMI
              StmtList (15)
                Stmt (15)
                  WHILE
                  LP
                  Exp (15)
                    Exp (15)
                      Exp (15)
                        ID: head
                      DOT
                      ID: next
                    NE
                    Exp (15)
                      INT: 0
                  RP
                  Stmt (15)
                    CompSt (15)
                      LC
                      StmtList (16)
                        Stmt (16)
                          Exp (16)
                            Exp (16)
                              ID: head
                            ASSIGN
                            Exp (16)
                              Exp (16)
                                ID: head
                              DOT
                              ID: next
                          SEMI
                      RC
                StmtList (18)
                  Stmt (18)
                    Exp (18)
                      Exp (18)
                        Exp (18)
                          ID: head
                        DOT
                        ID: next
                      ASSIGN
                      Exp (18)
                        ID: value
                    SEMI
                  StmtList (20)
                    Stmt (20)
                      RETURN
                      Exp (20)
                        INT: 0
                      SEMI
            RC
        ExtDefList (23)
          ExtDef (23)
            Specifier (23)
              TYPE: int
            FunDec (23)
              ID: remove_list
              LP
              VarList (23)
                ParamDec (23)
                  Specifier (23)
                    StructSpecifier (23)
                      STRUCT
                      ID: Node
                  VarDec (23)
                    ID: head
              RP
            CompSt (23)
              LC
              StmtList (24)
                Stmt (24)
                  WHILE
                  LP
                  Exp (24)
                    Exp (24)
                      Exp (24)
                        ID: head
                      DOT
                      ID: next
                    NE
                    Exp (24)
                      INT: 0
                  RP
                  Stmt (24)
                    CompSt (24)
                      LC
                      StmtList (25)
                        Stmt (25)
                          Exp (25)
                            Exp (25)
                              ID: head
                            ASSIGN
                            Exp (25)
                              Exp (25)
                                ID: head
                              DOT
                              ID: next
                          SEMI
                      RC
                StmtList (27)
                  Stmt (27)
                    Exp (27)
                      Exp (27)
                        Exp (27)
                          ID: head
                        DOT
                        ID: next
                      ASSIGN
                      Exp (27)
                        INT: 0
                    SEMI
                  StmtList (29)
                    Stmt (29)
                      RETURN
                      Exp (29)
                        INT: 0
                      SEMI
              RC
